// Jest Snapshot v1, https://goo.gl/fbAQLP

exports[`should render expense list item properly 1`] = `
<div>
  <Link
    replace={false}
    to="/edit/1"
  >
    <h3>
       
      bill
       
    </h3>
  </Link>
  <p>
    $5.00
    -
    December 31st, 1969
  </p>
</div>
`;
