// Jest Snapshot v1, https://goo.gl/fbAQLP

exports[`should render ExpenseDashboardPage correctly 1`] = `
<div>
  This is my ExpenseDashboardPage component!
  <Connect(ExpensesSummary) />
  <Connect(ExpenseListFilters) />
  <Connect(ExpenseList) />
</div>
`;
